// Jest Snapshot v1, https://goo.gl/fbAQLP

exports[`test goal hero goal hero snapshot test  1`] = `
.c0 {
  display: -webkit-box;
  display: -webkit-flex;
  display: -ms-flexbox;
  display: flex;
  -webkit-flex-direction: column;
  -ms-flex-direction: column;
  flex-direction: column;
  width: 100%;
  -webkit-align-content: flex-start;
  -ms-flex-line-pack: start;
  align-content: flex-start;
  -webkit-box-pack: center;
  -webkit-justify-content: center;
  -ms-flex-pack: center;
  justify-content: center;
}

<div
  className="c0"
  data-test="component-goal-hero"
>
  <Component
    src="icon-src"
  />
  <styled.p>
    test-title
  </styled.p>
  <styled.p>
    test-description
  </styled.p>
</div>
`;
