// Jest Snapshot v1, https://goo.gl/fbAQLP

exports[`test value input input for amount snapshot test  1`] = `
<styled.div
  data-test="component-value-input"
>
  <styled.p>
    Test Label
  </styled.p>
  <InputCurrency
    backgroundColor="#0f0f0f"
    icon="iconTest"
  />
</styled.div>
`;
